ok - Domain Alpha structured state overrides a stale parent Phase 7 event
ok - GNU stat file reads select -c without BSD filesystem-report pollution
ok - parent activity evidence is bounded and disclosed
ok - Bearings excludes a status-only child decision
ok - a structured child captain hold reaches Waiting on you
ok - missing, invalid, unreadable, malformed, and timed-out homes stay explicit unknowns
ok - an oversized secondmate summary retains the strict empty unknown fallback
ok - secondmate and per-home child counts are bounded, disclosed, and explicitly expandable
ok - parent decisions remain untrusted contradiction evidence
ok - parent evidence reconciliation distinguishes matching holds, blocks, and decisions
ok - nonprogressing child states are explicit and inconsistent terminal rows invalidate
ok - registry unavailability and bounded truncation remain explicit
ok - repeated snapshots keep the same current landed baseline and ignore prior reports
ok - default output is bounded, local-only, and marks omitted surfaces
ok - Kanban board columns are complete and projected from the bounded snapshot
ok - chat and file board renderers emit all six selected icons and preserve empty sentences
ok - chat render suppresses report paths and local notes while keeping PR URLs
ok - a real worker failure keeps its needs-a-look cue while validation stops stay calm
ok - queued work becomes Ready once its blocker lands, and real holds stay Held
ok - Ready, Held, and Blocked each keep their share of one gate bound
ok - the main-inventory integrity gate outranks queued work when the gate bound is full
ok - a secondmate ship held on its own child state stays under Held beside that home's queued work
ok - a readable home whose child only logged a decision is never boarded as unavailable
ok - a flood of unavailable homes still leaves each queued column its share
ok - PRs awaiting captain action wait on the captain, and other open PRs stay visible under way
ok - board item ids stay unique when two repositories share a PR number
ok - TOON and JSON are parity representations of the same model
ok - landed includes secondmate-managed merges alongside main-home merges
ok - default landed selection balances one dominant home with sparse homes
ok - landed selection refills capacity after sparse homes exhaust
ok - landed selection uses deterministic home order when homes exceed the cap
ok - landed selection preserves deterministic home and internal tie ordering
ok - landed selection handles no landed items
ok - --all-landed keeps the complete global landed output
ok - landed stays bounded with per-home + overall caps and omitted[] disclosure
ok - Bearings keeps a live blocker in structured live state and never converts it to queued board work
ok - action-free items (working/done/queued/landed) do not leak into Waiting on you
ok - main orphan in-flight boards as Blocked, never Under way, and is disclosed in omitted/gates
ok - main unstructured current is disclosed while structured siblings still project
ok - counterfactual meta clears main inventory warning and projects the live task
ok - mixed secondmate roles, partial state, and captain readiness project independently
ok - main and secondmate captain actionability use the same blocker readiness
ok - a completed scout with decision-like report prose is a pointer, not pending
ok - an authoritative captain hold surfaces end-to-end
ok - current report pointers surface
ok - superseded queued items are dropped by default and restored with --all-queued
ok - --include-prs is the only path that fetches, and it enriches correctly
ok - a partial GitHub failure degrades gracefully
ok - Perl fallback bounds stalled GitHub calls without coreutils timeout
ok - all fleet-sized sections are capped with counted opt-in expansion
ok - captain-held tasks of any kind reach Captain's Call, deferral is honored, and landed excludes answered calls
ok - live PR enrichment caps repositories with counted expansion
ok - per-repository open-PR caps are disclosed with an expansion knob
ok - projection and TOON rendering failures exit nonzero with diagnostics
