ok - the away branch relaunches an existing In-flight task through fm-control at the spend cap
ok - a fresh away branch spawn still refuses an In-flight backlog item
ok - the away branch relaunch still refuses a held In-flight backlog item
ok - relaunch re-reads the backlog item instead of blindly re-running the transition
ok - relaunch heals an item that drifted out of In flight while the task stayed live
rm: cannot remove '/home/zabi/.no-mistakes/worktrees/7f0ec18181b6/01M45JK2T8YBWNQFKRGCB50VWY/.test-tmp/fm-control-relaunch.tGYL1l/reverify-22873/home/state/rl40.git-hooks/applypatch-msg': Permission denied
rm: cannot remove '/home/zabi/.no-mistakes/worktrees/7f0ec18181b6/01M45JK2T8YBWNQFKRGCB50VWY/.test-tmp/fm-control-relaunch.tGYL1l/reverify-22873/home/state/rl40.git-hooks/prepare-commit-msg': Permission denied
rm: cannot remove '/home/zabi/.no-mistakes/worktrees/7f0ec18181b6/01M45JK2T8YBWNQFKRGCB50VWY/.test-tmp/fm-control-relaunch.tGYL1l/reverify-22873/home/state/rl40.git-hooks/pre-push': Permission denied
rm: cannot remove '/home/zabi/.no-mistakes/worktrees/7f0ec18181b6/01M45JK2T8YBWNQFKRGCB50VWY/.test-tmp/fm-control-relaunch.tGYL1l/reverify-22873/home/state/rl40.git-hooks/pre-applypatch': Permission denied
rm: cannot remove '/home/zabi/.no-mistakes/worktrees/7f0ec18181b6/01M45JK2T8YBWNQFKRGCB50VWY/.test-tmp/fm-control-relaunch.tGYL1l/reverify-22873/home/state/rl40.git-hooks/post-rewrite': Permission denied
rm: cannot remove '/home/zabi/.no-mistakes/worktrees/7f0ec18181b6/01M45JK2T8YBWNQFKRGCB50VWY/.test-tmp/fm-control-relaunch.tGYL1l/reverify-22873/home/state/rl40.git-hooks/pre-rebase': Permission denied
rm: cannot remove '/home/zabi/.no-mistakes/worktrees/7f0ec18181b6/01M45JK2T8YBWNQFKRGCB50VWY/.test-tmp/fm-control-relaunch.tGYL1l/reverify-22873/home/state/rl40.git-hooks/commit-msg': Permission denied
rm: cannot remove '/home/zabi/.no-mistakes/worktrees/7f0ec18181b6/01M45JK2T8YBWNQFKRGCB50VWY/.test-tmp/fm-control-relaunch.tGYL1l/reverify-22873/home/state/rl40.git-hooks/pre-auto-gc': Permission denied
rm: cannot remove '/home/zabi/.no-mistakes/worktrees/7f0ec18181b6/01M45JK2T8YBWNQFKRGCB50VWY/.test-tmp/fm-control-relaunch.tGYL1l/reverify-22873/home/state/rl40.git-hooks/pre-merge-commit': Permission denied
rm: cannot remove '/home/zabi/.no-mistakes/worktrees/7f0ec18181b6/01M45JK2T8YBWNQFKRGCB50VWY/.test-tmp/fm-control-relaunch.tGYL1l/reverify-22873/home/state/rl40.git-hooks/post-checkout': Permission denied
rm: cannot remove '/home/zabi/.no-mistakes/worktrees/7f0ec18181b6/01M45JK2T8YBWNQFKRGCB50VWY/.test-tmp/fm-control-relaunch.tGYL1l/reverify-22873/home/state/rl40.git-hooks/post-merge': Permission denied
rm: cannot remove '/home/zabi/.no-mistakes/worktrees/7f0ec18181b6/01M45JK2T8YBWNQFKRGCB50VWY/.test-tmp/fm-control-relaunch.tGYL1l/reverify-22873/home/state/rl40.git-hooks/post-applypatch': Permission denied
rm: cannot remove '/home/zabi/.no-mistakes/worktrees/7f0ec18181b6/01M45JK2T8YBWNQFKRGCB50VWY/.test-tmp/fm-control-relaunch.tGYL1l/reverify-22873/home/state/rl40.git-hooks/pre-commit': Permission denied
rm: cannot remove '/home/zabi/.no-mistakes/worktrees/7f0ec18181b6/01M45JK2T8YBWNQFKRGCB50VWY/.test-tmp/fm-control-relaunch.tGYL1l/reverify-22873/home/state/rl40.git-hooks/post-commit': Permission denied
rm: cannot remove '/home/zabi/.no-mistakes/worktrees/7f0ec18181b6/01M45JK2T8YBWNQFKRGCB50VWY/.test-tmp/fm-control-relaunch.tGYL1l/reverify-22873/home/state/rl40.git-hooks/sendemail-validate': Permission denied
rm: cannot remove '/home/zabi/.no-mistakes/worktrees/7f0ec18181b6/01M45JK2T8YBWNQFKRGCB50VWY/.test-tmp/fm-control-relaunch.tGYL1l/drifted-24761/home/state/rl41.git-hooks/applypatch-msg': Permission denied
rm: cannot remove '/home/zabi/.no-mistakes/worktrees/7f0ec18181b6/01M45JK2T8YBWNQFKRGCB50VWY/.test-tmp/fm-control-relaunch.tGYL1l/drifted-24761/home/state/rl41.git-hooks/prepare-commit-msg': Permission denied
rm: cannot remove '/home/zabi/.no-mistakes/worktrees/7f0ec18181b6/01M45JK2T8YBWNQFKRGCB50VWY/.test-tmp/fm-control-relaunch.tGYL1l/drifted-24761/home/state/rl41.git-hooks/pre-push': Permission denied
rm: cannot remove '/home/zabi/.no-mistakes/worktrees/7f0ec18181b6/01M45JK2T8YBWNQFKRGCB50VWY/.test-tmp/fm-control-relaunch.tGYL1l/drifted-24761/home/state/rl41.git-hooks/pre-applypatch': Permission denied
rm: cannot remove '/home/zabi/.no-mistakes/worktrees/7f0ec18181b6/01M45JK2T8YBWNQFKRGCB50VWY/.test-tmp/fm-control-relaunch.tGYL1l/drifted-24761/home/state/rl41.git-hooks/post-rewrite': Permission denied
rm: cannot remove '/home/zabi/.no-mistakes/worktrees/7f0ec18181b6/01M45JK2T8YBWNQFKRGCB50VWY/.test-tmp/fm-control-relaunch.tGYL1l/drifted-24761/home/state/rl41.git-hooks/pre-rebase': Permission denied
rm: cannot remove '/home/zabi/.no-mistakes/worktrees/7f0ec18181b6/01M45JK2T8YBWNQFKRGCB50VWY/.test-tmp/fm-control-relaunch.tGYL1l/drifted-24761/home/state/rl41.git-hooks/commit-msg': Permission denied
rm: cannot remove '/home/zabi/.no-mistakes/worktrees/7f0ec18181b6/01M45JK2T8YBWNQFKRGCB50VWY/.test-tmp/fm-control-relaunch.tGYL1l/drifted-24761/home/state/rl41.git-hooks/pre-auto-gc': Permission denied
rm: cannot remove '/home/zabi/.no-mistakes/worktrees/7f0ec18181b6/01M45JK2T8YBWNQFKRGCB50VWY/.test-tmp/fm-control-relaunch.tGYL1l/drifted-24761/home/state/rl41.git-hooks/pre-merge-commit': Permission denied
rm: cannot remove '/home/zabi/.no-mistakes/worktrees/7f0ec18181b6/01M45JK2T8YBWNQFKRGCB50VWY/.test-tmp/fm-control-relaunch.tGYL1l/drifted-24761/home/state/rl41.git-hooks/post-checkout': Permission denied
rm: cannot remove '/home/zabi/.no-mistakes/worktrees/7f0ec18181b6/01M45JK2T8YBWNQFKRGCB50VWY/.test-tmp/fm-control-relaunch.tGYL1l/drifted-24761/home/state/rl41.git-hooks/post-merge': Permission denied
rm: cannot remove '/home/zabi/.no-mistakes/worktrees/7f0ec18181b6/01M45JK2T8YBWNQFKRGCB50VWY/.test-tmp/fm-control-relaunch.tGYL1l/drifted-24761/home/state/rl41.git-hooks/post-applypatch': Permission denied
rm: cannot remove '/home/zabi/.no-mistakes/worktrees/7f0ec18181b6/01M45JK2T8YBWNQFKRGCB50VWY/.test-tmp/fm-control-relaunch.tGYL1l/drifted-24761/home/state/rl41.git-hooks/pre-commit': Permission denied
rm: cannot remove '/home/zabi/.no-mistakes/worktrees/7f0ec18181b6/01M45JK2T8YBWNQFKRGCB50VWY/.test-tmp/fm-control-relaunch.tGYL1l/drifted-24761/home/state/rl41.git-hooks/post-commit': Permission denied
rm: cannot remove '/home/zabi/.no-mistakes/worktrees/7f0ec18181b6/01M45JK2T8YBWNQFKRGCB50VWY/.test-tmp/fm-control-relaunch.tGYL1l/drifted-24761/home/state/rl41.git-hooks/sendemail-validate': Permission denied
rm: cannot remove '/home/zabi/.no-mistakes/worktrees/7f0ec18181b6/01M45JK2T8YBWNQFKRGCB50VWY/.test-tmp/fm-control-relaunch.tGYL1l/away-inflight-23154/home/state/rl-away1.git-hooks/applypatch-msg': Permission denied
rm: cannot remove '/home/zabi/.no-mistakes/worktrees/7f0ec18181b6/01M45JK2T8YBWNQFKRGCB50VWY/.test-tmp/fm-control-relaunch.tGYL1l/away-inflight-23154/home/state/rl-away1.git-hooks/prepare-commit-msg': Permission denied
rm: cannot remove '/home/zabi/.no-mistakes/worktrees/7f0ec18181b6/01M45JK2T8YBWNQFKRGCB50VWY/.test-tmp/fm-control-relaunch.tGYL1l/away-inflight-23154/home/state/rl-away1.git-hooks/pre-push': Permission denied
rm: cannot remove '/home/zabi/.no-mistakes/worktrees/7f0ec18181b6/01M45JK2T8YBWNQFKRGCB50VWY/.test-tmp/fm-control-relaunch.tGYL1l/away-inflight-23154/home/state/rl-away1.git-hooks/pre-applypatch': Permission denied
rm: cannot remove '/home/zabi/.no-mistakes/worktrees/7f0ec18181b6/01M45JK2T8YBWNQFKRGCB50VWY/.test-tmp/fm-control-relaunch.tGYL1l/away-inflight-23154/home/state/rl-away1.git-hooks/post-rewrite': Permission denied
rm: cannot remove '/home/zabi/.no-mistakes/worktrees/7f0ec18181b6/01M45JK2T8YBWNQFKRGCB50VWY/.test-tmp/fm-control-relaunch.tGYL1l/away-inflight-23154/home/state/rl-away1.git-hooks/pre-rebase': Permission denied
rm: cannot remove '/home/zabi/.no-mistakes/worktrees/7f0ec18181b6/01M45JK2T8YBWNQFKRGCB50VWY/.test-tmp/fm-control-relaunch.tGYL1l/away-inflight-23154/home/state/rl-away1.git-hooks/commit-msg': Permission denied
rm: cannot remove '/home/zabi/.no-mistakes/worktrees/7f0ec18181b6/01M45JK2T8YBWNQFKRGCB50VWY/.test-tmp/fm-control-relaunch.tGYL1l/away-inflight-23154/home/state/rl-away1.git-hooks/pre-auto-gc': Permission denied
rm: cannot remove '/home/zabi/.no-mistakes/worktrees/7f0ec18181b6/01M45JK2T8YBWNQFKRGCB50VWY/.test-tmp/fm-control-relaunch.tGYL1l/away-inflight-23154/home/state/rl-away1.git-hooks/pre-merge-commit': Permission denied
rm: cannot remove '/home/zabi/.no-mistakes/worktrees/7f0ec18181b6/01M45JK2T8YBWNQFKRGCB50VWY/.test-tmp/fm-control-relaunch.tGYL1l/away-inflight-23154/home/state/rl-away1.git-hooks/post-checkout': Permission denied
rm: cannot remove '/home/zabi/.no-mistakes/worktrees/7f0ec18181b6/01M45JK2T8YBWNQFKRGCB50VWY/.test-tmp/fm-control-relaunch.tGYL1l/away-inflight-23154/home/state/rl-away1.git-hooks/post-merge': Permission denied
rm: cannot remove '/home/zabi/.no-mistakes/worktrees/7f0ec18181b6/01M45JK2T8YBWNQFKRGCB50VWY/.test-tmp/fm-control-relaunch.tGYL1l/away-inflight-23154/home/state/rl-away1.git-hooks/post-applypatch': Permission denied
rm: cannot remove '/home/zabi/.no-mistakes/worktrees/7f0ec18181b6/01M45JK2T8YBWNQFKRGCB50VWY/.test-tmp/fm-control-relaunch.tGYL1l/away-inflight-23154/home/state/rl-away1.git-hooks/pre-commit': Permission denied
rm: cannot remove '/home/zabi/.no-mistakes/worktrees/7f0ec18181b6/01M45JK2T8YBWNQFKRGCB50VWY/.test-tmp/fm-control-relaunch.tGYL1l/away-inflight-23154/home/state/rl-away1.git-hooks/post-commit': Permission denied
rm: cannot remove '/home/zabi/.no-mistakes/worktrees/7f0ec18181b6/01M45JK2T8YBWNQFKRGCB50VWY/.test-tmp/fm-control-relaunch.tGYL1l/away-inflight-23154/home/state/rl-away1.git-hooks/sendemail-validate': Permission denied
